// Jest Snapshot v1, https://goo.gl/fbAQLP

exports[`renders correctly 1`] = `
<View
  style={
    Object {
      "alignItems": "center",
      "flexDirection": "row",
    }
  }
>
  <View
    style={
      Object {
        "backgroundColor": "#ffcd00",
        "height": 20,
        "width": 20,
      }
    }
  />
  <Text
    accessible={true}
    allowFontScaling={true}
    ellipsizeMode="tail"
    style={
      Object {
        "color": "#2f3f62",
        "fontSize": 16,
        "fontWeight": "bold",
        "marginLeft": 11,
      }
    }
  >
    hogehoge
  </Text>
</View>
`;
