// Jest Snapshot v1, https://goo.gl/fbAQLP

exports[`renders correctly 1`] = `
<View
  style={
    Object {
      "backgroundColor": "#f7f7f7",
      "borderBottomColor": "#eaebed",
      "borderBottomWidth": 0.5,
      "height": 111,
    }
  }
>
  <View
    style={
      Object {
        "justifyContent": "center",
        "padding": 15,
      }
    }
  >
    <View
      style={
        Object {
          "flexDirection": "row",
          "paddingVertical": 9,
        }
      }
    >
      <Text
        accessible={true}
        allowFontScaling={true}
        ellipsizeMode="tail"
        style={
          Object {
            "color": "#4f5b77",
            "fontSize": 14,
            "fontWeight": "bold",
          }
        }
      >
        [missing "en.device_capacity" translation]
      </Text>
      <View
        style={
          Object {
            "flex": 1,
          }
        }
      />
      <Text
        accessible={true}
        allowFontScaling={true}
        ellipsizeMode="tail"
        style={
          Object {
            "color": "#4f5b77",
            "fontSize": 12,
          }
        }
      >
        [missing "en.already_used" translation]: used/total
      </Text>
    </View>
    <View
      style={
        Object {
          "flexDirection": "row",
          "height": 22,
        }
      }
    >
      <View
        style={
          Array [
            Object {
              "backgroundColor": "#fff200",
            },
            Object {
              "flex": 1,
            },
          ]
        }
      />
      <View
        style={
          Array [
            Object {
              "backgroundColor": "#e0e0e0",
            },
            Object {
              "flex": 3,
            },
          ]
        }
      />
    </View>
    <View
      accessible={true}
      isTVSelectable={true}
      onResponderGrant={[Function]}
      onResponderMove={[Function]}
      onResponderRelease={[Function]}
      onResponderTerminate={[Function]}
      onResponderTerminationRequest={[Function]}
      onStartShouldSetResponder={[Function]}
      style={
        Object {
          "opacity": 1,
          "width": 100,
        }
      }
    >
      <View
        style={
          Object {
            "alignItems": "center",
            "flexDirection": "row",
            "paddingVertical": 9,
          }
        }
      >
        <Image
          source={
            Object {
              "testUri": "../../../src/assets/images/delete_ico.png",
            }
          }
        />
        <Text
          accessible={true}
          allowFontScaling={true}
          ellipsizeMode="tail"
          style={
            Object {
              "color": "#4f5b77",
              "fontSize": 12,
              "marginLeft": 5,
            }
          }
        >
          [missing "en.delete_all" translation]
        </Text>
      </View>
    </View>
  </View>
  <View
    accessible={true}
    isTVSelectable={true}
    onResponderGrant={[Function]}
    onResponderMove={[Function]}
    onResponderRelease={[Function]}
    onResponderTerminate={[Function]}
    onResponderTerminationRequest={[Function]}
    onStartShouldSetResponder={[Function]}
    style={
      Object {
        "opacity": 1,
      }
    }
  >
    <View
      style={
        Object {
          "alignItems": "center",
          "bottom": 5,
          "flexDirection": "row",
          "justifyContent": "flex-end",
          "paddingVertical": 10,
          "position": "absolute",
          "right": 15,
          "width": 100,
        }
      }
    >
      <Image
        source={
          Object {
            "testUri": "../../../src/assets/images/sort_ico.png",
          }
        }
      />
      <Text
        accessible={true}
        allowFontScaling={true}
        ellipsizeMode="tail"
        style={
          Object {
            "color": "#2f3f62",
            "fontSize": 12,
            "marginLeft": 8,
          }
        }
      >
        order
      </Text>
    </View>
  </View>
</View>
`;
