// Jest Snapshot v1, https://goo.gl/fbAQLP

exports[`renders correctly 1`] = `
<RCTScrollView
  ItemSeparatorComponent={[Function]}
  ListHeaderComponent={[Function]}
  data={
    Array [
      Object {
        "book": Object {
          "date": "2018/5/15",
          "image": Object {
            "testUri": "../../../src/assets/images/dummy/cover-1.png",
          },
          "title": "mina 7月号",
        },
        "deliveryDate": "2018/5/20",
        "downloaded": 100,
        "endDate": "2018/8/19",
        "size": 84.74,
      },
      Object {
        "book": Object {
          "date": "2018.5.15",
          "image": Object {
            "testUri": "../../../src/assets/images/dummy/cover-3.png",
          },
          "title": "non-no 5月号",
        },
        "deliveryDate": "2018/5/20",
        "downloaded": 30,
        "endDate": "2018/8/19",
        "size": 20.21,
      },
      Object {
        "book": Object {
          "date": "2018.5.15",
          "image": Object {
            "testUri": "../../../src/assets/images/dummy/cover-33.png",
          },
          "title": "GISELe 6月号",
        },
        "deliveryDate": "2018/5/20",
        "downloaded": 100,
        "endDate": "2018/8/19",
        "size": 84.74,
      },
      Object {
        "book": Object {
          "date": "2018.5.15",
          "image": Object {
            "testUri": "../../../src/assets/images/dummy/cover-15.png",
          },
          "title": "&Premium 7月号",
        },
        "deliveryDate": "2018/5/20",
        "downloaded": 30,
        "endDate": "2018/8/19",
        "size": 20.21,
      },
      Object {
        "book": Object {
          "date": "2018.5.15",
          "image": Object {
            "testUri": "../../../src/assets/images/dummy/cover-13.png",
          },
          "title": "Hanako 6月12日号",
        },
        "deliveryDate": "2018/5/20",
        "downloaded": 100,
        "endDate": "2018/8/19",
        "size": 84.74,
      },
      Object {
        "book": Object {
          "date": "2018.5.15",
          "image": Object {
            "testUri": "../../../src/assets/images/dummy/cover-20.png",
          },
          "title": "FRaU 7月号",
        },
        "deliveryDate": "2018/5/20",
        "downloaded": 30,
        "endDate": "2018/8/19",
        "size": 20.21,
      },
    ]
  }
  disableVirtualization={false}
  getItem={[Function]}
  getItemCount={[Function]}
  horizontal={false}
  initialNumToRender={10}
  keyExtractor={[Function]}
  maxToRenderPerBatch={10}
  numColumns={1}
  onContentSizeChange={[Function]}
  onEndReachedThreshold={2}
  onLayout={[Function]}
  onMomentumScrollEnd={[Function]}
  onScroll={[Function]}
  onScrollBeginDrag={[Function]}
  onScrollEndDrag={[Function]}
  renderItem={[Function]}
  scrollEventThrottle={50}
  stickyHeaderIndices={Array []}
  style={
    Object {
      "backgroundColor": "#ffffff",
      "flex": 1,
    }
  }
  updateCellsBatchingPeriod={50}
  viewabilityConfigCallbackPairs={Array []}
  windowSize={21}
>
  <View>
    <View
      onLayout={[Function]}
      style={null}
    >
      <View
        style={
          Object {
            "backgroundColor": "#f7f7f7",
            "borderBottomColor": "#eaebed",
            "borderBottomWidth": 0.5,
            "height": 111,
          }
        }
      >
        <View
          style={
            Object {
              "justifyContent": "center",
              "padding": 15,
            }
          }
        >
          <View
            style={
              Object {
                "flexDirection": "row",
                "paddingVertical": 9,
              }
            }
          >
            <Text
              accessible={true}
              allowFontScaling={true}
              ellipsizeMode="tail"
              style={
                Object {
                  "color": "#4f5b77",
                  "fontSize": 14,
                  "fontWeight": "bold",
                }
              }
            >
              [missing "en.device_capacity" translation]
            </Text>
            <View
              style={
                Object {
                  "flex": 1,
                }
              }
            />
            <Text
              accessible={true}
              allowFontScaling={true}
              ellipsizeMode="tail"
              style={
                Object {
                  "color": "#4f5b77",
                  "fontSize": 12,
                }
              }
            >
              [missing "en.already_used" translation]: 800MB/10GB
            </Text>
          </View>
          <View
            style={
              Object {
                "flexDirection": "row",
                "height": 22,
              }
            }
          >
            <View
              style={
                Array [
                  Object {
                    "backgroundColor": "#fff200",
                  },
                  Object {
                    "flex": 1,
                  },
                ]
              }
            />
            <View
              style={
                Array [
                  Object {
                    "backgroundColor": "#e0e0e0",
                  },
                  Object {
                    "flex": 3,
                  },
                ]
              }
            />
          </View>
          <View
            accessible={true}
            isTVSelectable={true}
            onResponderGrant={[Function]}
            onResponderMove={[Function]}
            onResponderRelease={[Function]}
            onResponderTerminate={[Function]}
            onResponderTerminationRequest={[Function]}
            onStartShouldSetResponder={[Function]}
            style={
              Object {
                "opacity": 1,
                "width": 100,
              }
            }
          >
            <View
              style={
                Object {
                  "alignItems": "center",
                  "flexDirection": "row",
                  "paddingVertical": 9,
                }
              }
            >
              <Image
                source={
                  Object {
                    "testUri": "../../../src/assets/images/delete_ico.png",
                  }
                }
              />
              <Text
                accessible={true}
                allowFontScaling={true}
                ellipsizeMode="tail"
                style={
                  Object {
                    "color": "#4f5b77",
                    "fontSize": 12,
                    "marginLeft": 5,
                  }
                }
              >
                [missing "en.delete_all" translation]
              </Text>
            </View>
          </View>
        </View>
        <View
          accessible={true}
          isTVSelectable={true}
          onResponderGrant={[Function]}
          onResponderMove={[Function]}
          onResponderRelease={[Function]}
          onResponderTerminate={[Function]}
          onResponderTerminationRequest={[Function]}
          onStartShouldSetResponder={[Function]}
          style={
            Object {
              "opacity": 1,
            }
          }
        >
          <View
            style={
              Object {
                "alignItems": "center",
                "bottom": 5,
                "flexDirection": "row",
                "justifyContent": "flex-end",
                "paddingVertical": 10,
                "position": "absolute",
                "right": 15,
                "width": 100,
              }
            }
          >
            <Image
              source={
                Object {
                  "testUri": "../../../src/assets/images/sort_ico.png",
                }
              }
            />
            <Text
              accessible={true}
              allowFontScaling={true}
              ellipsizeMode="tail"
              style={
                Object {
                  "color": "#2f3f62",
                  "fontSize": 12,
                  "marginLeft": 8,
                }
              }
            >
              [missing "en.order_most_recent_reading" translation]
            </Text>
          </View>
        </View>
      </View>
    </View>
    <View
      onLayout={[Function]}
      style={null}
    >
      <View
        accessible={true}
        isTVSelectable={true}
        onResponderGrant={[Function]}
        onResponderMove={[Function]}
        onResponderRelease={[Function]}
        onResponderTerminate={[Function]}
        onResponderTerminationRequest={[Function]}
        onStartShouldSetResponder={[Function]}
        style={
          Object {
            "opacity": 1,
          }
        }
      >
        <View
          style={
            Object {
              "height": 156,
            }
          }
        >
          <View
            style={
              Object {
                "flexDirection": "row",
                "padding": 15,
              }
            }
          >
            <Image
              resizeMode="contain"
              source={
                Object {
                  "testUri": "../../../src/assets/images/dummy/cover-1.png",
                }
              }
              style={
                Object {
                  "backgroundColor": "#f7f7f7",
                  "height": 126,
                  "width": 100,
                }
              }
            />
            <View
              style={
                Object {
                  "flex": 1,
                  "marginLeft": 20,
                }
              }
            >
              <Text
                accessible={true}
                allowFontScaling={true}
                ellipsizeMode="tail"
                style={
                  Object {
                    "color": "#000000",
                    "fontSize": 14,
                    "fontWeight": "bold",
                    "marginTop": 10,
                  }
                }
              >
                mina 7月号
              </Text>
              <Text
                accessible={true}
                allowFontScaling={true}
                ellipsizeMode="tail"
                style={
                  Object {
                    "color": "#000000",
                    "fontSize": 11,
                    "fontWeight": "bold",
                    "marginTop": 10,
                  }
                }
              >
                missing "en.book_issue_date_format" translation
              </Text>
              <Text
                accessible={true}
                allowFontScaling={true}
                ellipsizeMode="tail"
                style={
                  Object {
                    "color": "#999999",
                    "fontSize": 11,
                    "marginTop": 8,
                  }
                }
              >
                [missing "en.delivery_date" translation](2018/5/20)[missing "en.end_date" translation](2018/8/19)
              </Text>
              <View
                style={
                  Object {
                    "flex": 1,
                  }
                }
              />
              <View
                style={
                  Array [
                    Object {
                      "alignItems": "center",
                      "backgroundColor": "#fff20048",
                      "flexDirection": "row",
                      "height": 28,
                      "paddingHorizontal": 10,
                    },
                    null,
                  ]
                }
              >
                <Text
                  accessible={true}
                  allowFontScaling={true}
                  ellipsizeMode="tail"
                  style={
                    Object {
                      "color": "#4f5b77",
                      "fontSize": 11,
                    }
                  }
                >
                  100% [missing "en.download_completed" translation]
                </Text>
                <View
                  style={
                    Object {
                      "flex": 1,
                    }
                  }
                />
                <Text
                  accessible={true}
                  allowFontScaling={true}
                  ellipsizeMode="tail"
                  style={
                    Object {
                      "color": "#4f5b77",
                      "fontSize": 11,
                    }
                  }
                >
                  84.74MB
                </Text>
              </View>
            </View>
          </View>
          <View
            accessible={true}
            isTVSelectable={true}
            onResponderGrant={[Function]}
            onResponderMove={[Function]}
            onResponderRelease={[Function]}
            onResponderTerminate={[Function]}
            onResponderTerminationRequest={[Function]}
            onStartShouldSetResponder={[Function]}
            style={
              Object {
                "alignItems": "center",
                "height": 40,
                "justifyContent": "center",
                "opacity": 1,
                "position": "absolute",
                "right": 3,
                "top": 3,
                "width": 40,
              }
            }
          >
            <View>
              <Image
                source={
                  Object {
                    "testUri": "../../../src/assets/images/delete_ico.png",
                  }
                }
              />
            </View>
          </View>
        </View>
      </View>
      <View
        style={
          Object {
            "backgroundColor": "#eaebed",
            "height": 1,
          }
        }
      />
    </View>
    <View
      onLayout={[Function]}
      style={null}
    >
      <View
        accessible={true}
        isTVSelectable={true}
        onResponderGrant={[Function]}
        onResponderMove={[Function]}
        onResponderRelease={[Function]}
        onResponderTerminate={[Function]}
        onResponderTerminationRequest={[Function]}
        onStartShouldSetResponder={[Function]}
        style={
          Object {
            "opacity": 1,
          }
        }
      >
        <View
          style={
            Object {
              "height": 156,
            }
          }
        >
          <View
            style={
              Object {
                "flexDirection": "row",
                "padding": 15,
              }
            }
          >
            <Image
              resizeMode="contain"
              source={
                Object {
                  "testUri": "../../../src/assets/images/dummy/cover-3.png",
                }
              }
              style={
                Object {
                  "backgroundColor": "#f7f7f7",
                  "height": 126,
                  "width": 100,
                }
              }
            />
            <View
              style={
                Object {
                  "flex": 1,
                  "marginLeft": 20,
                }
              }
            >
              <Text
                accessible={true}
                allowFontScaling={true}
                ellipsizeMode="tail"
                style={
                  Object {
                    "color": "#000000",
                    "fontSize": 14,
                    "fontWeight": "bold",
                    "marginTop": 10,
                  }
                }
              >
                non-no 5月号
              </Text>
              <Text
                accessible={true}
                allowFontScaling={true}
                ellipsizeMode="tail"
                style={
                  Object {
                    "color": "#000000",
                    "fontSize": 11,
                    "fontWeight": "bold",
                    "marginTop": 10,
                  }
                }
              >
                missing "en.book_issue_date_format" translation
              </Text>
              <Text
                accessible={true}
                allowFontScaling={true}
                ellipsizeMode="tail"
                style={
                  Object {
                    "color": "#999999",
                    "fontSize": 11,
                    "marginTop": 8,
                  }
                }
              >
                [missing "en.delivery_date" translation](2018/5/20)[missing "en.end_date" translation](2018/8/19)
              </Text>
              <View
                style={
                  Object {
                    "flex": 1,
                  }
                }
              />
              <View
                style={
                  Array [
                    Object {
                      "alignItems": "center",
                      "backgroundColor": "#fff20048",
                      "flexDirection": "row",
                      "height": 28,
                      "paddingHorizontal": 10,
                    },
                    Object {
                      "backgroundColor": "#eeeeee48",
                    },
                  ]
                }
              >
                <Text
                  accessible={true}
                  allowFontScaling={true}
                  ellipsizeMode="tail"
                  style={
                    Object {
                      "color": "#4f5b77",
                      "fontSize": 11,
                    }
                  }
                >
                  30% [missing "en.download_completed" translation]
                </Text>
                <View
                  style={
                    Object {
                      "flex": 1,
                    }
                  }
                />
                <Text
                  accessible={true}
                  allowFontScaling={true}
                  ellipsizeMode="tail"
                  style={
                    Object {
                      "color": "#4f5b77",
                      "fontSize": 11,
                    }
                  }
                >
                  20.21MB
                </Text>
              </View>
            </View>
          </View>
          <View
            accessible={true}
            isTVSelectable={true}
            onResponderGrant={[Function]}
            onResponderMove={[Function]}
            onResponderRelease={[Function]}
            onResponderTerminate={[Function]}
            onResponderTerminationRequest={[Function]}
            onStartShouldSetResponder={[Function]}
            style={
              Object {
                "alignItems": "center",
                "height": 40,
                "justifyContent": "center",
                "opacity": 1,
                "position": "absolute",
                "right": 3,
                "top": 3,
                "width": 40,
              }
            }
          >
            <View>
              <Image
                source={
                  Object {
                    "testUri": "../../../src/assets/images/delete_ico.png",
                  }
                }
              />
            </View>
          </View>
        </View>
      </View>
      <View
        style={
          Object {
            "backgroundColor": "#eaebed",
            "height": 1,
          }
        }
      />
    </View>
    <View
      onLayout={[Function]}
      style={null}
    >
      <View
        accessible={true}
        isTVSelectable={true}
        onResponderGrant={[Function]}
        onResponderMove={[Function]}
        onResponderRelease={[Function]}
        onResponderTerminate={[Function]}
        onResponderTerminationRequest={[Function]}
        onStartShouldSetResponder={[Function]}
        style={
          Object {
            "opacity": 1,
          }
        }
      >
        <View
          style={
            Object {
              "height": 156,
            }
          }
        >
          <View
            style={
              Object {
                "flexDirection": "row",
                "padding": 15,
              }
            }
          >
            <Image
              resizeMode="contain"
              source={
                Object {
                  "testUri": "../../../src/assets/images/dummy/cover-33.png",
                }
              }
              style={
                Object {
                  "backgroundColor": "#f7f7f7",
                  "height": 126,
                  "width": 100,
                }
              }
            />
            <View
              style={
                Object {
                  "flex": 1,
                  "marginLeft": 20,
                }
              }
            >
              <Text
                accessible={true}
                allowFontScaling={true}
                ellipsizeMode="tail"
                style={
                  Object {
                    "color": "#000000",
                    "fontSize": 14,
                    "fontWeight": "bold",
                    "marginTop": 10,
                  }
                }
              >
                GISELe 6月号
              </Text>
              <Text
                accessible={true}
                allowFontScaling={true}
                ellipsizeMode="tail"
                style={
                  Object {
                    "color": "#000000",
                    "fontSize": 11,
                    "fontWeight": "bold",
                    "marginTop": 10,
                  }
                }
              >
                missing "en.book_issue_date_format" translation
              </Text>
              <Text
                accessible={true}
                allowFontScaling={true}
                ellipsizeMode="tail"
                style={
                  Object {
                    "color": "#999999",
                    "fontSize": 11,
                    "marginTop": 8,
                  }
                }
              >
                [missing "en.delivery_date" translation](2018/5/20)[missing "en.end_date" translation](2018/8/19)
              </Text>
              <View
                style={
                  Object {
                    "flex": 1,
                  }
                }
              />
              <View
                style={
                  Array [
                    Object {
                      "alignItems": "center",
                      "backgroundColor": "#fff20048",
                      "flexDirection": "row",
                      "height": 28,
                      "paddingHorizontal": 10,
                    },
                    null,
                  ]
                }
              >
                <Text
                  accessible={true}
                  allowFontScaling={true}
                  ellipsizeMode="tail"
                  style={
                    Object {
                      "color": "#4f5b77",
                      "fontSize": 11,
                    }
                  }
                >
                  100% [missing "en.download_completed" translation]
                </Text>
                <View
                  style={
                    Object {
                      "flex": 1,
                    }
                  }
                />
                <Text
                  accessible={true}
                  allowFontScaling={true}
                  ellipsizeMode="tail"
                  style={
                    Object {
                      "color": "#4f5b77",
                      "fontSize": 11,
                    }
                  }
                >
                  84.74MB
                </Text>
              </View>
            </View>
          </View>
          <View
            accessible={true}
            isTVSelectable={true}
            onResponderGrant={[Function]}
            onResponderMove={[Function]}
            onResponderRelease={[Function]}
            onResponderTerminate={[Function]}
            onResponderTerminationRequest={[Function]}
            onStartShouldSetResponder={[Function]}
            style={
              Object {
                "alignItems": "center",
                "height": 40,
                "justifyContent": "center",
                "opacity": 1,
                "position": "absolute",
                "right": 3,
                "top": 3,
                "width": 40,
              }
            }
          >
            <View>
              <Image
                source={
                  Object {
                    "testUri": "../../../src/assets/images/delete_ico.png",
                  }
                }
              />
            </View>
          </View>
        </View>
      </View>
      <View
        style={
          Object {
            "backgroundColor": "#eaebed",
            "height": 1,
          }
        }
      />
    </View>
    <View
      onLayout={[Function]}
      style={null}
    >
      <View
        accessible={true}
        isTVSelectable={true}
        onResponderGrant={[Function]}
        onResponderMove={[Function]}
        onResponderRelease={[Function]}
        onResponderTerminate={[Function]}
        onResponderTerminationRequest={[Function]}
        onStartShouldSetResponder={[Function]}
        style={
          Object {
            "opacity": 1,
          }
        }
      >
        <View
          style={
            Object {
              "height": 156,
            }
          }
        >
          <View
            style={
              Object {
                "flexDirection": "row",
                "padding": 15,
              }
            }
          >
            <Image
              resizeMode="contain"
              source={
                Object {
                  "testUri": "../../../src/assets/images/dummy/cover-15.png",
                }
              }
              style={
                Object {
                  "backgroundColor": "#f7f7f7",
                  "height": 126,
                  "width": 100,
                }
              }
            />
            <View
              style={
                Object {
                  "flex": 1,
                  "marginLeft": 20,
                }
              }
            >
              <Text
                accessible={true}
                allowFontScaling={true}
                ellipsizeMode="tail"
                style={
                  Object {
                    "color": "#000000",
                    "fontSize": 14,
                    "fontWeight": "bold",
                    "marginTop": 10,
                  }
                }
              >
                &Premium 7月号
              </Text>
              <Text
                accessible={true}
                allowFontScaling={true}
                ellipsizeMode="tail"
                style={
                  Object {
                    "color": "#000000",
                    "fontSize": 11,
                    "fontWeight": "bold",
                    "marginTop": 10,
                  }
                }
              >
                missing "en.book_issue_date_format" translation
              </Text>
              <Text
                accessible={true}
                allowFontScaling={true}
                ellipsizeMode="tail"
                style={
                  Object {
                    "color": "#999999",
                    "fontSize": 11,
                    "marginTop": 8,
                  }
                }
              >
                [missing "en.delivery_date" translation](2018/5/20)[missing "en.end_date" translation](2018/8/19)
              </Text>
              <View
                style={
                  Object {
                    "flex": 1,
                  }
                }
              />
              <View
                style={
                  Array [
                    Object {
                      "alignItems": "center",
                      "backgroundColor": "#fff20048",
                      "flexDirection": "row",
                      "height": 28,
                      "paddingHorizontal": 10,
                    },
                    Object {
                      "backgroundColor": "#eeeeee48",
                    },
                  ]
                }
              >
                <Text
                  accessible={true}
                  allowFontScaling={true}
                  ellipsizeMode="tail"
                  style={
                    Object {
                      "color": "#4f5b77",
                      "fontSize": 11,
                    }
                  }
                >
                  30% [missing "en.download_completed" translation]
                </Text>
                <View
                  style={
                    Object {
                      "flex": 1,
                    }
                  }
                />
                <Text
                  accessible={true}
                  allowFontScaling={true}
                  ellipsizeMode="tail"
                  style={
                    Object {
                      "color": "#4f5b77",
                      "fontSize": 11,
                    }
                  }
                >
                  20.21MB
                </Text>
              </View>
            </View>
          </View>
          <View
            accessible={true}
            isTVSelectable={true}
            onResponderGrant={[Function]}
            onResponderMove={[Function]}
            onResponderRelease={[Function]}
            onResponderTerminate={[Function]}
            onResponderTerminationRequest={[Function]}
            onStartShouldSetResponder={[Function]}
            style={
              Object {
                "alignItems": "center",
                "height": 40,
                "justifyContent": "center",
                "opacity": 1,
                "position": "absolute",
                "right": 3,
                "top": 3,
                "width": 40,
              }
            }
          >
            <View>
              <Image
                source={
                  Object {
                    "testUri": "../../../src/assets/images/delete_ico.png",
                  }
                }
              />
            </View>
          </View>
        </View>
      </View>
      <View
        style={
          Object {
            "backgroundColor": "#eaebed",
            "height": 1,
          }
        }
      />
    </View>
    <View
      onLayout={[Function]}
      style={null}
    >
      <View
        accessible={true}
        isTVSelectable={true}
        onResponderGrant={[Function]}
        onResponderMove={[Function]}
        onResponderRelease={[Function]}
        onResponderTerminate={[Function]}
        onResponderTerminationRequest={[Function]}
        onStartShouldSetResponder={[Function]}
        style={
          Object {
            "opacity": 1,
          }
        }
      >
        <View
          style={
            Object {
              "height": 156,
            }
          }
        >
          <View
            style={
              Object {
                "flexDirection": "row",
                "padding": 15,
              }
            }
          >
            <Image
              resizeMode="contain"
              source={
                Object {
                  "testUri": "../../../src/assets/images/dummy/cover-13.png",
                }
              }
              style={
                Object {
                  "backgroundColor": "#f7f7f7",
                  "height": 126,
                  "width": 100,
                }
              }
            />
            <View
              style={
                Object {
                  "flex": 1,
                  "marginLeft": 20,
                }
              }
            >
              <Text
                accessible={true}
                allowFontScaling={true}
                ellipsizeMode="tail"
                style={
                  Object {
                    "color": "#000000",
                    "fontSize": 14,
                    "fontWeight": "bold",
                    "marginTop": 10,
                  }
                }
              >
                Hanako 6月12日号
              </Text>
              <Text
                accessible={true}
                allowFontScaling={true}
                ellipsizeMode="tail"
                style={
                  Object {
                    "color": "#000000",
                    "fontSize": 11,
                    "fontWeight": "bold",
                    "marginTop": 10,
                  }
                }
              >
                missing "en.book_issue_date_format" translation
              </Text>
              <Text
                accessible={true}
                allowFontScaling={true}
                ellipsizeMode="tail"
                style={
                  Object {
                    "color": "#999999",
                    "fontSize": 11,
                    "marginTop": 8,
                  }
                }
              >
                [missing "en.delivery_date" translation](2018/5/20)[missing "en.end_date" translation](2018/8/19)
              </Text>
              <View
                style={
                  Object {
                    "flex": 1,
                  }
                }
              />
              <View
                style={
                  Array [
                    Object {
                      "alignItems": "center",
                      "backgroundColor": "#fff20048",
                      "flexDirection": "row",
                      "height": 28,
                      "paddingHorizontal": 10,
                    },
                    null,
                  ]
                }
              >
                <Text
                  accessible={true}
                  allowFontScaling={true}
                  ellipsizeMode="tail"
                  style={
                    Object {
                      "color": "#4f5b77",
                      "fontSize": 11,
                    }
                  }
                >
                  100% [missing "en.download_completed" translation]
                </Text>
                <View
                  style={
                    Object {
                      "flex": 1,
                    }
                  }
                />
                <Text
                  accessible={true}
                  allowFontScaling={true}
                  ellipsizeMode="tail"
                  style={
                    Object {
                      "color": "#4f5b77",
                      "fontSize": 11,
                    }
                  }
                >
                  84.74MB
                </Text>
              </View>
            </View>
          </View>
          <View
            accessible={true}
            isTVSelectable={true}
            onResponderGrant={[Function]}
            onResponderMove={[Function]}
            onResponderRelease={[Function]}
            onResponderTerminate={[Function]}
            onResponderTerminationRequest={[Function]}
            onStartShouldSetResponder={[Function]}
            style={
              Object {
                "alignItems": "center",
                "height": 40,
                "justifyContent": "center",
                "opacity": 1,
                "position": "absolute",
                "right": 3,
                "top": 3,
                "width": 40,
              }
            }
          >
            <View>
              <Image
                source={
                  Object {
                    "testUri": "../../../src/assets/images/delete_ico.png",
                  }
                }
              />
            </View>
          </View>
        </View>
      </View>
      <View
        style={
          Object {
            "backgroundColor": "#eaebed",
            "height": 1,
          }
        }
      />
    </View>
    <View
      onLayout={[Function]}
      style={null}
    >
      <View
        accessible={true}
        isTVSelectable={true}
        onResponderGrant={[Function]}
        onResponderMove={[Function]}
        onResponderRelease={[Function]}
        onResponderTerminate={[Function]}
        onResponderTerminationRequest={[Function]}
        onStartShouldSetResponder={[Function]}
        style={
          Object {
            "opacity": 1,
          }
        }
      >
        <View
          style={
            Object {
              "height": 156,
            }
          }
        >
          <View
            style={
              Object {
                "flexDirection": "row",
                "padding": 15,
              }
            }
          >
            <Image
              resizeMode="contain"
              source={
                Object {
                  "testUri": "../../../src/assets/images/dummy/cover-20.png",
                }
              }
              style={
                Object {
                  "backgroundColor": "#f7f7f7",
                  "height": 126,
                  "width": 100,
                }
              }
            />
            <View
              style={
                Object {
                  "flex": 1,
                  "marginLeft": 20,
                }
              }
            >
              <Text
                accessible={true}
                allowFontScaling={true}
                ellipsizeMode="tail"
                style={
                  Object {
                    "color": "#000000",
                    "fontSize": 14,
                    "fontWeight": "bold",
                    "marginTop": 10,
                  }
                }
              >
                FRaU 7月号
              </Text>
              <Text
                accessible={true}
                allowFontScaling={true}
                ellipsizeMode="tail"
                style={
                  Object {
                    "color": "#000000",
                    "fontSize": 11,
                    "fontWeight": "bold",
                    "marginTop": 10,
                  }
                }
              >
                missing "en.book_issue_date_format" translation
              </Text>
              <Text
                accessible={true}
                allowFontScaling={true}
                ellipsizeMode="tail"
                style={
                  Object {
                    "color": "#999999",
                    "fontSize": 11,
                    "marginTop": 8,
                  }
                }
              >
                [missing "en.delivery_date" translation](2018/5/20)[missing "en.end_date" translation](2018/8/19)
              </Text>
              <View
                style={
                  Object {
                    "flex": 1,
                  }
                }
              />
              <View
                style={
                  Array [
                    Object {
                      "alignItems": "center",
                      "backgroundColor": "#fff20048",
                      "flexDirection": "row",
                      "height": 28,
                      "paddingHorizontal": 10,
                    },
                    Object {
                      "backgroundColor": "#eeeeee48",
                    },
                  ]
                }
              >
                <Text
                  accessible={true}
                  allowFontScaling={true}
                  ellipsizeMode="tail"
                  style={
                    Object {
                      "color": "#4f5b77",
                      "fontSize": 11,
                    }
                  }
                >
                  30% [missing "en.download_completed" translation]
                </Text>
                <View
                  style={
                    Object {
                      "flex": 1,
                    }
                  }
                />
                <Text
                  accessible={true}
                  allowFontScaling={true}
                  ellipsizeMode="tail"
                  style={
                    Object {
                      "color": "#4f5b77",
                      "fontSize": 11,
                    }
                  }
                >
                  20.21MB
                </Text>
              </View>
            </View>
          </View>
          <View
            accessible={true}
            isTVSelectable={true}
            onResponderGrant={[Function]}
            onResponderMove={[Function]}
            onResponderRelease={[Function]}
            onResponderTerminate={[Function]}
            onResponderTerminationRequest={[Function]}
            onStartShouldSetResponder={[Function]}
            style={
              Object {
                "alignItems": "center",
                "height": 40,
                "justifyContent": "center",
                "opacity": 1,
                "position": "absolute",
                "right": 3,
                "top": 3,
                "width": 40,
              }
            }
          >
            <View>
              <Image
                source={
                  Object {
                    "testUri": "../../../src/assets/images/delete_ico.png",
                  }
                }
              />
            </View>
          </View>
        </View>
      </View>
    </View>
  </View>
</RCTScrollView>
`;
