// Jest Snapshot v1, https://goo.gl/fbAQLP

exports[`renders correctly 1`] = `
<View
  onLayout={[Function]}
  style={
    Array [
      Object {
        "flex": 1,
      },
    ]
  }
>
  <View
    onMoveShouldSetResponder={[Function]}
    onMoveShouldSetResponderCapture={[Function]}
    onResponderEnd={[Function]}
    onResponderGrant={[Function]}
    onResponderMove={[Function]}
    onResponderReject={[Function]}
    onResponderRelease={[Function]}
    onResponderStart={[Function]}
    onResponderTerminate={[Function]}
    onResponderTerminationRequest={[Function]}
    onStartShouldSetResponder={[Function]}
    onStartShouldSetResponderCapture={[Function]}
    style={
      Array [
        Object {
          "flex": 1,
          "flexDirection": "column-reverse",
        },
        Object {
          "backgroundColor": "#000",
        },
      ]
    }
  >
    <View
      style={
        Object {
          "flex": 1,
        }
      }
    >
      <View
        pointerEvents="auto"
        style={
          Object {
            "backgroundColor": "#E9E9EF",
            "bottom": 0,
            "left": 0,
            "opacity": 1,
            "position": "absolute",
            "right": 0,
            "shadowColor": "black",
            "shadowOffset": Object {
              "height": 0,
              "width": 0,
            },
            "shadowOpacity": 0.2,
            "shadowRadius": 5,
            "top": 0,
            "transform": Array [
              Object {
                "translateX": 0,
              },
              Object {
                "translateY": 0,
              },
            ],
          }
        }
      >
        <RCTScrollView
          style={
            Object {
              "backgroundColor": "#ffffff",
              "flex": 1,
            }
          }
        >
          <View>
            <View
              style={
                Object {
                  "alignItems": "center",
                  "paddingVertical": 40,
                }
              }
            >
              <Text
                accessible={true}
                allowFontScaling={true}
                ellipsizeMode="tail"
                style={
                  Object {
                    "color": "#4f5b77",
                    "fontSize": 20,
                    "fontWeight": "bold",
                  }
                }
              >
                [missing "en.login" translation]
              </Text>
              <View
                style={
                  Object {
                    "height": 20,
                  }
                }
              />
              <Text
                accessible={true}
                allowFontScaling={true}
                ellipsizeMode="tail"
                style={
                  Object {
                    "color": "#4f5b77",
                    "fontSize": 11,
                    "lineHeight": 15,
                    "textAlign": "center",
                  }
                }
              >
                <Text
                  accessible={true}
                  allowFontScaling={true}
                  ellipsizeMode="tail"
                  style={
                    Object {
                      "fontWeight": "bold",
                    }
                  }
                >
                  [missing "en.login_guide_ios_1" translation]
                  

                </Text>
                [missing "en.login_guide_ios_2" translation]
              </Text>
              <View
                style={
                  Object {
                    "height": 27,
                  }
                }
              />
              <Text
                accessible={true}
                allowFontScaling={true}
                ellipsizeMode="tail"
                style={
                  Object {
                    "color": "#004098",
                    "fontSize": 14,
                    "fontWeight": "bold",
                  }
                }
              >
                [missing "en.yahoo_japan_id" translation]
              </Text>
              <View
                style={
                  Object {
                    "height": 10,
                  }
                }
              />
              <View
                accessible={true}
                isTVSelectable={true}
                onResponderGrant={[Function]}
                onResponderMove={[Function]}
                onResponderRelease={[Function]}
                onResponderTerminate={[Function]}
                onResponderTerminationRequest={[Function]}
                onStartShouldSetResponder={[Function]}
                style={
                  Object {
                    "opacity": 1,
                  }
                }
              >
                <Image
                  source={
                    Object {
                      "testUri": "../../../src/assets/images/login-yahoo-btn.png",
                    }
                  }
                />
              </View>
              <View
                style={
                  Object {
                    "height": 10,
                  }
                }
              />
              <Text
                accessible={true}
                allowFontScaling={true}
                ellipsizeMode="tail"
                style={
                  Object {
                    "color": "#4f5b77",
                    "fontSize": 10,
                  }
                }
              >
                [missing "en.login_guide_yj" translation]
              </Text>
              <View
                style={
                  Object {
                    "height": 34,
                  }
                }
              />
              <View
                style={
                  Object {
                    "backgroundColor": "#eeeeee",
                    "height": 1,
                    "width": "100%",
                  }
                }
              />
              <View
                style={
                  Object {
                    "height": 34,
                  }
                }
              />
              <Text
                accessible={true}
                allowFontScaling={true}
                ellipsizeMode="tail"
                style={
                  Object {
                    "color": "#004098",
                    "fontSize": 14,
                    "fontWeight": "bold",
                  }
                }
              >
                [missing "en.for_tsutaya_premium_user" translation]
              </Text>
              <View
                style={
                  Object {
                    "height": 27,
                  }
                }
              />
              <View
                accessible={true}
                isTVSelectable={true}
                onResponderGrant={[Function]}
                onResponderMove={[Function]}
                onResponderRelease={[Function]}
                onResponderTerminate={[Function]}
                onResponderTerminationRequest={[Function]}
                onStartShouldSetResponder={[Function]}
                style={
                  Object {
                    "opacity": 1,
                  }
                }
              >
                <Text
                  accessible={true}
                  allowFontScaling={true}
                  ellipsizeMode="tail"
                  style={
                    Object {
                      "color": "#3366ff",
                    }
                  }
                >
                  [missing "en.login_with_tid" translation]
                </Text>
              </View>
            </View>
          </View>
        </RCTScrollView>
      </View>
    </View>
    <View
      backButtonTintColor="#2f3f62"
      backButtonTitle=" "
      cards={
        Array [
          Object {
            "component": [Function],
            "key": "/login",
            "path": "/login",
            "renderTitle": [Function],
          },
        ]
      }
      configureTransition={[Function]}
      getScreenDetails={[Function]}
      history={
        Object {
          "action": "POP",
          "block": [Function],
          "canGo": [Function],
          "createHref": [Function],
          "entries": Array [
            Object {
              "hash": "",
              "key": "jzzz2e",
              "pathname": "/login",
              "search": "",
              "state": undefined,
            },
          ],
          "go": [Function],
          "goBack": [Function],
          "goForward": [Function],
          "index": 0,
          "length": 1,
          "listen": [Function],
          "location": Object {
            "hash": "",
            "key": "jzzz2e",
            "pathname": "/login",
            "search": "",
            "state": undefined,
          },
          "push": [Function],
          "replace": [Function],
        }
      }
      index={0}
      layout={
        Object {
          "height": 0,
          "initHeight": 0,
          "initWidth": 0,
          "isMeasured": false,
          "width": 0,
        }
      }
      leftInterpolator={[Function]}
      mode="float"
      navBarStyle={
        Object {
          "backgroundColor": "#ffffff",
        }
      }
      navigation={
        Object {
          "dispatch": [Function],
          "goBack": [Function],
          "navigate": [Function],
          "setParams": [Function],
          "state": Object {
            "index": 0,
            "routes": Array [
              Object {
                "key": "/login@@.555555",
                "match": Object {
                  "isExact": true,
                  "params": Object {},
                  "path": "/login",
                  "url": "/login",
                },
                "routeName": "/login",
              },
            ],
          },
        }
      }
      navigationState={
        Object {
          "index": 0,
          "routes": Array [
            Object {
              "key": "/login@@.555555",
              "match": Object {
                "isExact": true,
                "params": Object {},
                "path": "/login",
                "url": "/login",
              },
              "routeName": "/login",
            },
          ],
        }
      }
      onNavigateBack={[Function]}
      renderHeader={[Function]}
      renderSceneComponent={[Function]}
      rightInterpolator={[Function]}
      titleInterpolator={[Function]}
      titleStyle={
        Object {
          "color": "#2f3f62",
          "fontSize": 16,
          "fontWeight": "bold",
        }
      }
    >
      <View
        onLayout={[Function]}
        style={
          Object {
            "backgroundColor": "#ffffff",
            "borderBottomColor": "rgba(0, 0, 0, .3)",
            "borderBottomWidth": 0.5,
            "height": 64,
            "paddingBottom": 0,
            "paddingLeft": 0,
            "paddingRight": 0,
            "paddingTop": 20,
          }
        }
      >
        <View
          style={
            Object {
              "flex": 1,
            }
          }
        >
          <View
            style={
              Array [
                Object {
                  "bottom": 0,
                  "left": 0,
                  "position": "absolute",
                  "right": 0,
                  "top": 0,
                },
                Object {
                  "flexDirection": "row",
                },
              ]
            }
          >
            <View
              pointerEvents="box-none"
              style={
                Object {
                  "alignItems": "center",
                  "backgroundColor": "transparent",
                  "bottom": 0,
                  "justifyContent": "center",
                  "left": 0,
                  "opacity": 1,
                  "position": "absolute",
                  "right": 0,
                  "top": 0,
                  "transform": Array [
                    Object {
                      "translateX": 0,
                    },
                  ],
                }
              }
            >
              <Image
                source={
                  Object {
                    "testUri": "../../../src/assets/images/logo.png",
                  }
                }
              />
            </View>
          </View>
        </View>
      </View>
    </View>
  </View>
</View>
`;
