// Jest Snapshot v1, https://goo.gl/fbAQLP

exports[`renders correctly 1`] = `
<View
  style={
    Array [
      Object {
        "alignItems": "center",
        "height": 25,
        "justifyContent": "center",
        "width": 70,
      },
      Object {
        "backgroundColor": "#004098",
      },
    ]
  }
>
  <Text
    accessible={true}
    allowFontScaling={true}
    ellipsizeMode="tail"
    style={
      Object {
        "color": "#ffffff",
        "fontSize": 11,
        "fontWeight": "bold",
      }
    }
  >
    [missing "en.information" translation]
  </Text>
</View>
`;
